<?xml version="1.0" encoding="UTF-8" ?>
<testsuites name="vitest tests" tests="223" failures="0" errors="0" time="3.1718701">
    <testsuite name="src/actions/__tests__/ai-grading.test.ts" timestamp="2026-10-01T04:48:39.125Z" hostname="DESKTOP-V0JD0BU" tests="2" failures="0" errors="0" skipped="0" time="0.0243954">
        <testcase classname="src/actions/__tests__/ai-grading.test.ts" name="evaluateEssayWithAI &gt; should return error if API key is missing" time="0.0203069">
            <system-err>
Error fetching school settings: SqliteError: no such table: school_settings
    at Database.prepare [90m(D:\NodeJs\CartaExam\[39mnode_modules\[4mbetter-sqlite3[24m\lib\methods\wrappers.js:5:21[90m)[39m
    at BetterSQLiteSession.prepareQuery [90m(file:///D:/NodeJs/CartaExam/[39mnode_modules/[4mdrizzle-orm[24m/better-sqlite3/session.js:23:30[90m)[39m
    at BetterSQLiteSession.prepareOneTimeQuery [90m(file:///D:/NodeJs/CartaExam/[39mnode_modules/[4mdrizzle-orm[24m/sqlite-core/session.js:141:17[90m)[39m
    at SQLiteSelectBase._prepare [90m(file:///D:/NodeJs/CartaExam/[39mnode_modules/[4mdrizzle-orm[24m/sqlite-core/query-builders/select.js:615:88[90m)[39m
    at SQLiteSelectBase.all [90m(file:///D:/NodeJs/CartaExam/[39mnode_modules/[4mdrizzle-orm[24m/sqlite-core/query-builders/select.js:641:17[90m)[39m
    at SQLiteSelectBase.execute [90m(file:///D:/NodeJs/CartaExam/[39mnode_modules/[4mdrizzle-orm[24m/sqlite-core/query-builders/select.js:650:17[90m)[39m
    at SQLiteSelectBase.then [90m(file:///D:/NodeJs/CartaExam/[39mnode_modules/[4mdrizzle-orm[24m/query-promise.js:21:17[90m)[39m
[90m    at processTicksAndRejections (node:internal/process/task_queues:103:5)[39m
    at getSchoolSettings (D:/NodeJs/CartaExam/src/actions/settings.ts:30:26)
    at resolveAIConfig (D:/NodeJs/CartaExam/src/lib/ai-provider.ts:44:19) {
  code: [32m&apos;SQLITE_ERROR&apos;[39m
}

AI Grading Error: Error: Gemini API Key belum dikonfigurasi.
    at generateAIContent (D:/NodeJs/CartaExam/src/lib/ai-provider.ts:415:24)
[90m    at processTicksAndRejections (node:internal/process/task_queues:103:5)[39m
    at evaluateEssayWithAI (D:/NodeJs/CartaExam/src/actions/ai-grading.ts:78:26)
    at D:/NodeJs/CartaExam/src/actions/__tests__/ai-grading.test.ts:24:21
    at [90mfile:///D:/NodeJs/CartaExam/[39mnode_modules/[4m@vitest/runner[24m/dist/index.js:915:20

            </system-err>
        </testcase>
        <testcase classname="src/actions/__tests__/ai-grading.test.ts" name="evaluateEssayWithAI &gt; should handle empty student answer with 0 score" time="0.0022847">
        </testcase>
    </testsuite>
    <testsuite name="src/components/__tests__/BankQuestionCard.test.tsx" timestamp="2026-10-01T04:48:39.127Z" hostname="DESKTOP-V0JD0BU" tests="2" failures="0" errors="0" skipped="0" time="0.111686">
        <testcase classname="src/components/__tests__/BankQuestionCard.test.tsx" name="BankQuestionCard &gt; renders question details, tags, and points" time="0.0706956">
        </testcase>
        <testcase classname="src/components/__tests__/BankQuestionCard.test.tsx" name="BankQuestionCard &gt; handles edit and delete actions" time="0.0378473">
        </testcase>
    </testsuite>
    <testsuite name="src/components/__tests__/DashboardAnalytics.test.tsx" timestamp="2026-10-01T04:48:39.129Z" hostname="DESKTOP-V0JD0BU" tests="1" failures="0" errors="0" skipped="0" time="0.1373557">
        <testcase classname="src/components/__tests__/DashboardAnalytics.test.tsx" name="DashboardAnalytics Component &gt; renders score distribution and question bank composition" time="0.1343022">
        </testcase>
    </testsuite>
    <testsuite name="src/components/__tests__/ExamHeader.test.tsx" timestamp="2026-10-01T04:48:39.129Z" hostname="DESKTOP-V0JD0BU" tests="7" failures="0" errors="0" skipped="0" time="0.1493753">
        <testcase classname="src/components/__tests__/ExamHeader.test.tsx" name="ExamHeader &gt; renders question number and total correctly" time="0.0627618">
        </testcase>
        <testcase classname="src/components/__tests__/ExamHeader.test.tsx" name="ExamHeader &gt; formats time remaining correctly (HH:MM:SS)" time="0.0133439">
        </testcase>
        <testcase classname="src/components/__tests__/ExamHeader.test.tsx" name="ExamHeader &gt; displays auto-saving indicator when autoSaving is true" time="0.0113892">
        </testcase>
        <testcase classname="src/components/__tests__/ExamHeader.test.tsx" name="ExamHeader &gt; does not display auto-saving indicator when autoSaving is false" time="0.015583">
        </testcase>
        <testcase classname="src/components/__tests__/ExamHeader.test.tsx" name="ExamHeader &gt; calls onShowSubmit when submit button clicked" time="0.0281238">
        </testcase>
        <testcase classname="src/components/__tests__/ExamHeader.test.tsx" name="ExamHeader &gt; applies destructive styling when time is under 5 minutes" time="0.0074885">
        </testcase>
        <testcase classname="src/components/__tests__/ExamHeader.test.tsx" name="ExamHeader &gt; applies primary styling when time is above 5 minutes" time="0.0068759">
        </testcase>
    </testsuite>
    <testsuite name="src/components/__tests__/GradingDetailHeader.test.tsx" timestamp="2026-10-01T04:48:39.131Z" hostname="DESKTOP-V0JD0BU" tests="10" failures="0" errors="0" skipped="0" time="0.2183595">
        <testcase classname="src/components/__tests__/GradingDetailHeader.test.tsx" name="GradingDetailHeader &gt; returns null when submission is null" time="0.024047">
        </testcase>
        <testcase classname="src/components/__tests__/GradingDetailHeader.test.tsx" name="GradingDetailHeader &gt; renders student name and session name" time="0.0544219">
        </testcase>
        <testcase classname="src/components/__tests__/GradingDetailHeader.test.tsx" name="GradingDetailHeader &gt; shows draft badge when gradingStatus is draft" time="0.0183439">
        </testcase>
        <testcase classname="src/components/__tests__/GradingDetailHeader.test.tsx" name="GradingDetailHeader &gt; shows published badge when gradingStatus is published" time="0.0203647">
        </testcase>
        <testcase classname="src/components/__tests__/GradingDetailHeader.test.tsx" name="GradingDetailHeader &gt; renders score correctly" time="0.0152421">
        </testcase>
        <testcase classname="src/components/__tests__/GradingDetailHeader.test.tsx" name="GradingDetailHeader &gt; calls onSave when save button is clicked" time="0.0410993">
        </testcase>
        <testcase classname="src/components/__tests__/GradingDetailHeader.test.tsx" name="GradingDetailHeader &gt; calls onPublish when publish button is clicked" time="0.0131466">
        </testcase>
        <testcase classname="src/components/__tests__/GradingDetailHeader.test.tsx" name="GradingDetailHeader &gt; disables save button when saving is true" time="0.0105789">
        </testcase>
        <testcase classname="src/components/__tests__/GradingDetailHeader.test.tsx" name="GradingDetailHeader &gt; navigates between submissions" time="0.0083773">
        </testcase>
        <testcase classname="src/components/__tests__/GradingDetailHeader.test.tsx" name="GradingDetailHeader &gt; renders navigation counter text" time="0.0066107">
        </testcase>
    </testsuite>
    <testsuite name="src/components/__tests__/GradingItemCard.test.tsx" timestamp="2026-10-01T04:48:39.133Z" hostname="DESKTOP-V0JD0BU" tests="2" failures="0" errors="0" skipped="0" time="0.1303944">
        <testcase classname="src/components/__tests__/GradingItemCard.test.tsx" name="GradingItemCard &gt; renders multiple choice question and choices correctly" time="0.0765727">
        </testcase>
        <testcase classname="src/components/__tests__/GradingItemCard.test.tsx" name="GradingItemCard &gt; renders essay question with manual score input" time="0.0506287">
        </testcase>
    </testsuite>
    <testsuite name="src/components/__tests__/NotificationDropdown.test.tsx" timestamp="2026-10-01T04:48:39.134Z" hostname="DESKTOP-V0JD0BU" tests="5" failures="0" errors="0" skipped="0" time="0.4542602">
        <testcase classname="src/components/__tests__/NotificationDropdown.test.tsx" name="NotificationDropdown Component &gt; fetches and renders unread notification count badge" time="0.1174602">
        </testcase>
        <testcase classname="src/components/__tests__/NotificationDropdown.test.tsx" name="NotificationDropdown Component &gt; marks all as read, updates badge, and persists read IDs to localStorage" time="0.1785453">
        </testcase>
        <testcase classname="src/components/__tests__/NotificationDropdown.test.tsx" name="NotificationDropdown Component &gt; marks single notification as read when clicked and updates localStorage" time="0.1124648">
        </testcase>
        <testcase classname="src/components/__tests__/NotificationDropdown.test.tsx" name="NotificationDropdown Component &gt; retains read status upon reload/refetch when IDs are in localStorage" time="0.0103565">
        </testcase>
        <testcase classname="src/components/__tests__/NotificationDropdown.test.tsx" name="NotificationDropdown Component &gt; increments unread count only for newly arrived notifications not in localStorage" time="0.0322564">
        </testcase>
    </testsuite>
    <testsuite name="src/components/__tests__/OfflineSyncBanner.test.tsx" timestamp="2026-10-01T04:48:39.136Z" hostname="DESKTOP-V0JD0BU" tests="4" failures="0" errors="0" skipped="0" time="0.1043084">
        <testcase classname="src/components/__tests__/OfflineSyncBanner.test.tsx" name="OfflineSyncBanner Component &gt; renders nothing when online and no pending answers" time="0.0222671">
        </testcase>
        <testcase classname="src/components/__tests__/OfflineSyncBanner.test.tsx" name="OfflineSyncBanner Component &gt; displays offline warning banner when offline" time="0.0217219">
        </testcase>
        <testcase classname="src/components/__tests__/OfflineSyncBanner.test.tsx" name="OfflineSyncBanner Component &gt; displays syncing status when isSyncing is true" time="0.0047496">
        </testcase>
        <testcase classname="src/components/__tests__/OfflineSyncBanner.test.tsx" name="OfflineSyncBanner Component &gt; allows manual sync when back online with pending answers" time="0.0520834">
        </testcase>
    </testsuite>
    <testsuite name="src/components/__tests__/SecurityWarningBanner.test.tsx" timestamp="2026-10-01T04:48:39.137Z" hostname="DESKTOP-V0JD0BU" tests="3" failures="0" errors="0" skipped="0" time="0.0889603">
        <testcase classname="src/components/__tests__/SecurityWarningBanner.test.tsx" name="SecurityWarningBanner &gt; returns null if violationCount is 0" time="0.0216057">
        </testcase>
        <testcase classname="src/components/__tests__/SecurityWarningBanner.test.tsx" name="SecurityWarningBanner &gt; renders banner with count and translated violation type" time="0.022313">
        </testcase>
        <testcase classname="src/components/__tests__/SecurityWarningBanner.test.tsx" name="SecurityWarningBanner &gt; handles onDismiss callback" time="0.0407502">
        </testcase>
    </testsuite>
    <testsuite name="src/components/__tests__/SubmitDialog.test.tsx" timestamp="2026-10-01T04:48:39.138Z" hostname="DESKTOP-V0JD0BU" tests="3" failures="0" errors="0" skipped="0" time="0.2125871">
        <testcase classname="src/components/__tests__/SubmitDialog.test.tsx" name="SubmitDialog &gt; renders answered status and total questions" time="0.1192261">
        </testcase>
        <testcase classname="src/components/__tests__/SubmitDialog.test.tsx" name="SubmitDialog &gt; disables submit button when minimum elapsed time is not met" time="0.0503956">
        </testcase>
        <testcase classname="src/components/__tests__/SubmitDialog.test.tsx" name="SubmitDialog &gt; triggers onSubmit callback when submit button clicked and allowed" time="0.0398244">
        </testcase>
    </testsuite>
    <testsuite name="src/components/__tests__/TerminatedExamView.test.tsx" timestamp="2026-10-01T04:48:39.139Z" hostname="DESKTOP-V0JD0BU" tests="2" failures="0" errors="0" skipped="0" time="0.1219789">
        <testcase classname="src/components/__tests__/TerminatedExamView.test.tsx" name="TerminatedExamView &gt; renders termination message and violation count" time="0.0897053">
        </testcase>
        <testcase classname="src/components/__tests__/TerminatedExamView.test.tsx" name="TerminatedExamView &gt; triggers onReturn callback when button clicked" time="0.0291204">
        </testcase>
    </testsuite>
    <testsuite name="src/components/__tests__/ViolationDetailDialog.test.tsx" timestamp="2026-10-01T04:48:39.139Z" hostname="DESKTOP-V0JD0BU" tests="3" failures="0" errors="0" skipped="0" time="0.2740386">
        <testcase classname="src/components/__tests__/ViolationDetailDialog.test.tsx" name="ViolationDetailDialog &gt; should render dialog title, status, and violation logs when open" time="0.1785893">
        </testcase>
        <testcase classname="src/components/__tests__/ViolationDetailDialog.test.tsx" name="ViolationDetailDialog &gt; should display remaining chances warning in strict mode" time="0.0419873">
        </testcase>
        <testcase classname="src/components/__tests__/ViolationDetailDialog.test.tsx" name="ViolationDetailDialog &gt; should call onOpenChange when close button is clicked" time="0.0503874">
        </testcase>
    </testsuite>
    <testsuite name="src/lib/__tests__/activity-logger.test.ts" timestamp="2026-10-01T04:48:39.140Z" hostname="DESKTOP-V0JD0BU" tests="8" failures="0" errors="0" skipped="0" time="0.0051669">
        <testcase classname="src/lib/__tests__/activity-logger.test.ts" name="activity-logger &gt; logActivity function &gt; should export logActivity function" time="0.0015425">
        </testcase>
        <testcase classname="src/lib/__tests__/activity-logger.test.ts" name="activity-logger &gt; ActivityLogger structure &gt; should export ActivityLogger object" time="0.0002593">
        </testcase>
        <testcase classname="src/lib/__tests__/activity-logger.test.ts" name="activity-logger &gt; ActivityLogger structure &gt; should have user methods" time="0.0003032">
        </testcase>
        <testcase classname="src/lib/__tests__/activity-logger.test.ts" name="activity-logger &gt; ActivityLogger structure &gt; should have subject methods" time="0.0002622">
        </testcase>
        <testcase classname="src/lib/__tests__/activity-logger.test.ts" name="activity-logger &gt; ActivityLogger structure &gt; should have class methods" time="0.0002625">
        </testcase>
        <testcase classname="src/lib/__tests__/activity-logger.test.ts" name="activity-logger &gt; ActivityLogger structure &gt; should have examSession methods" time="0.0002431">
        </testcase>
        <testcase classname="src/lib/__tests__/activity-logger.test.ts" name="activity-logger &gt; ActivityLogger structure &gt; should have examTemplate methods" time="0.0002238">
        </testcase>
        <testcase classname="src/lib/__tests__/activity-logger.test.ts" name="activity-logger &gt; ActivityLogger structure &gt; should have questionBank methods" time="0.0002138">
        </testcase>
    </testsuite>
    <testsuite name="src/lib/__tests__/ai-question-utils.test.ts" timestamp="2026-10-01T04:48:39.143Z" hostname="DESKTOP-V0JD0BU" tests="15" failures="0" errors="0" skipped="0" time="0.0220952">
        <testcase classname="src/lib/__tests__/ai-question-utils.test.ts" name="AI Question Utilities &gt; cleanJson &amp; parseAIJson &gt; should parse standard JSON inside markdown code fence" time="0.0026749">
        </testcase>
        <testcase classname="src/lib/__tests__/ai-question-utils.test.ts" name="AI Question Utilities &gt; cleanJson &amp; parseAIJson &gt; should parse JSON with surrounding conversational text" time="0.0005562">
        </testcase>
        <testcase classname="src/lib/__tests__/ai-question-utils.test.ts" name="AI Question Utilities &gt; cleanJson &amp; parseAIJson &gt; should handle LaTeX backslashes without breaking JSON" time="0.0007727">
        </testcase>
        <testcase classname="src/lib/__tests__/ai-question-utils.test.ts" name="AI Question Utilities &gt; cleanJson &amp; parseAIJson &gt; should handle trailing commas in arrays and objects" time="0.0004666">
        </testcase>
        <testcase classname="src/lib/__tests__/ai-question-utils.test.ts" name="AI Question Utilities &gt; cleanMathFormula &gt; should auto-wrap unwrapped trigonometry and degree LaTeX" time="0.0013395">
        </testcase>
        <testcase classname="src/lib/__tests__/ai-question-utils.test.ts" name="AI Question Utilities &gt; cleanMathFormula &gt; should clean missing backslashes and format fraction properly" time="0.0007019">
        </testcase>
        <testcase classname="src/lib/__tests__/ai-question-utils.test.ts" name="AI Question Utilities &gt; cleanMathFormula &gt; should preserve already dollar-wrapped formulas and clean double backslashes" time="0.0002326">
        </testcase>
        <testcase classname="src/lib/__tests__/ai-question-utils.test.ts" name="AI Question Utilities &gt; normalizeRawQuestion &gt; should normalize questions where &apos;question&apos; is at root instead of inside &apos;content&apos;" time="0.0027525">
        </testcase>
        <testcase classname="src/lib/__tests__/ai-question-utils.test.ts" name="AI Question Utilities &gt; normalizeRawQuestion &gt; should normalize questions where &apos;content&apos; is a plain string" time="0.0006998">
        </testcase>
        <testcase classname="src/lib/__tests__/ai-question-utils.test.ts" name="AI Question Utilities &gt; normalizeRawQuestion &gt; should normalize complex MC with letter array in answerKey" time="0.0006976">
        </testcase>
        <testcase classname="src/lib/__tests__/ai-question-utils.test.ts" name="AI Question Utilities &gt; normalizeRawQuestion &gt; should normalize True/False with boolean answer" time="0.0003594">
        </testcase>
        <testcase classname="src/lib/__tests__/ai-question-utils.test.ts" name="AI Question Utilities &gt; normalizeRawQuestion &gt; should normalize Matching questions with string arrays" time="0.0010632">
        </testcase>
        <testcase classname="src/lib/__tests__/ai-question-utils.test.ts" name="AI Question Utilities &gt; normalizeRawQuestion &gt; should normalize Short Answer and Essay questions" time="0.0004251">
        </testcase>
        <testcase classname="src/lib/__tests__/ai-question-utils.test.ts" name="AI Question Utilities &gt; normalizeAndValidateQuestions (Full Flow) &gt; should successfully recover when AI produces a list where question 8 has root level &apos;question&apos;" time="0.0053831">
        </testcase>
        <testcase classname="src/lib/__tests__/ai-question-utils.test.ts" name="AI Question Utilities &gt; normalizeAndValidateQuestions (Full Flow) &gt; should accept raw array directly without &apos;questions&apos; object wrapper" time="0.0004357">
        </testcase>
    </testsuite>
    <testsuite name="src/lib/__tests__/api-handler.test.ts" timestamp="2026-10-01T04:48:39.145Z" hostname="DESKTOP-V0JD0BU" tests="9" failures="0" errors="0" skipped="0" time="0.0257885">
        <testcase classname="src/lib/__tests__/api-handler.test.ts" name="apiHandler &gt; should wrap handler result in { data } envelope" time="0.0084551">
        </testcase>
        <testcase classname="src/lib/__tests__/api-handler.test.ts" name="apiHandler &gt; should preserve { data, metadata } structure when returned by handler" time="0.0017756">
        </testcase>
        <testcase classname="src/lib/__tests__/api-handler.test.ts" name="apiHandler &gt; should handle ApiError with custom status" time="0.0012693">
        </testcase>
        <testcase classname="src/lib/__tests__/api-handler.test.ts" name="apiHandler &gt; should handle ApiError with default 500 status" time="0.0070579">
            <system-err>
API Error: ApiError: Server error
    at D:/NodeJs/CartaExam/src/lib/__tests__/api-handler.test.ts:44:19
    at apiHandler (D:/NodeJs/CartaExam/src/lib/api-handler.ts:27:30)
    at D:/NodeJs/CartaExam/src/lib/__tests__/api-handler.test.ts:43:32
    at [90mfile:///D:/NodeJs/CartaExam/[39mnode_modules/[4m@vitest/runner[24m/dist/index.js:145:11
    at [90mfile:///D:/NodeJs/CartaExam/[39mnode_modules/[4m@vitest/runner[24m/dist/index.js:915:26
    at [90mfile:///D:/NodeJs/CartaExam/[39mnode_modules/[4m@vitest/runner[24m/dist/index.js:1240:20
    at new Promise (&lt;anonymous&gt;)
    at runWithTimeout [90m(file:///D:/NodeJs/CartaExam/[39mnode_modules/[4m@vitest/runner[24m/dist/index.js:1206:10[90m)[39m
    at [90mfile:///D:/NodeJs/CartaExam/[39mnode_modules/[4m@vitest/runner[24m/dist/index.js:1650:37
    at Traces.$ [90m(file:///D:/NodeJs/CartaExam/[39mnode_modules/[4mvitest[24m/dist/chunks/traces.U4xDYhzZ.js:115:27[90m)[39m {
  status: [33m500[39m
}

            </system-err>
        </testcase>
        <testcase classname="src/lib/__tests__/api-handler.test.ts" name="apiHandler &gt; should handle generic errors with 500 status" time="0.0016945">
            <system-err>
API Error: Error: Something went wrong
    at D:/NodeJs/CartaExam/src/lib/__tests__/api-handler.test.ts:54:19
    at apiHandler (D:/NodeJs/CartaExam/src/lib/api-handler.ts:27:30)
    at D:/NodeJs/CartaExam/src/lib/__tests__/api-handler.test.ts:53:32
    at [90mfile:///D:/NodeJs/CartaExam/[39mnode_modules/[4m@vitest/runner[24m/dist/index.js:145:11
    at [90mfile:///D:/NodeJs/CartaExam/[39mnode_modules/[4m@vitest/runner[24m/dist/index.js:915:26
    at [90mfile:///D:/NodeJs/CartaExam/[39mnode_modules/[4m@vitest/runner[24m/dist/index.js:1240:20
    at new Promise (&lt;anonymous&gt;)
    at runWithTimeout [90m(file:///D:/NodeJs/CartaExam/[39mnode_modules/[4m@vitest/runner[24m/dist/index.js:1206:10[90m)[39m
    at [90mfile:///D:/NodeJs/CartaExam/[39mnode_modules/[4m@vitest/runner[24m/dist/index.js:1650:37
    at Traces.$ [90m(file:///D:/NodeJs/CartaExam/[39mnode_modules/[4mvitest[24m/dist/chunks/traces.U4xDYhzZ.js:115:27[90m)[39m

            </system-err>
        </testcase>
        <testcase classname="src/lib/__tests__/api-handler.test.ts" name="apiHandler &gt; should handle array data correctly" time="0.0017101">
        </testcase>
        <testcase classname="src/lib/__tests__/api-handler.test.ts" name="apiHandler &gt; should handle null/undefined return" time="0.0007303">
        </testcase>
        <testcase classname="src/lib/__tests__/api-handler.test.ts" name="ApiError &gt; should be an instance of Error" time="0.0004042">
        </testcase>
        <testcase classname="src/lib/__tests__/api-handler.test.ts" name="ApiError &gt; should default to status 500" time="0.0001916">
        </testcase>
    </testsuite>
    <testsuite name="src/lib/__tests__/auth-guard.test.ts" timestamp="2026-10-01T04:48:39.147Z" hostname="DESKTOP-V0JD0BU" tests="9" failures="0" errors="0" skipped="0" time="0.0154254">
        <testcase classname="src/lib/__tests__/auth-guard.test.ts" name="requireAuth &gt; should throw 401 when user is not authenticated" time="0.0078987">
        </testcase>
        <testcase classname="src/lib/__tests__/auth-guard.test.ts" name="requireAuth &gt; should return user when no roles are specified" time="0.0009092">
        </testcase>
        <testcase classname="src/lib/__tests__/auth-guard.test.ts" name="requireAuth &gt; should return user when role matches allowed roles" time="0.0006438">
        </testcase>
        <testcase classname="src/lib/__tests__/auth-guard.test.ts" name="requireAuth &gt; should throw 403 when role does not match allowed roles" time="0.0007225">
        </testcase>
        <testcase classname="src/lib/__tests__/auth-guard.test.ts" name="requireAuth &gt; should pass with empty allowed roles array" time="0.0005845">
        </testcase>
        <testcase classname="src/lib/__tests__/auth-guard.test.ts" name="requireStudent &gt; should allow student role" time="0.0005589">
        </testcase>
        <testcase classname="src/lib/__tests__/auth-guard.test.ts" name="requireStudent &gt; should allow admin role" time="0.0004617">
        </testcase>
        <testcase classname="src/lib/__tests__/auth-guard.test.ts" name="requireStudent &gt; should allow teacher role" time="0.0002968">
        </testcase>
        <testcase classname="src/lib/__tests__/auth-guard.test.ts" name="requireStudent &gt; should reject unauthenticated user" time="0.0006457">
        </testcase>
    </testsuite>
    <testsuite name="src/lib/__tests__/browser-detection.test.ts" timestamp="2026-10-01T04:48:39.149Z" hostname="DESKTOP-V0JD0BU" tests="10" failures="0" errors="0" skipped="0" time="0.0136698">
        <testcase classname="src/lib/__tests__/browser-detection.test.ts" name="browser-detection &gt; detectBrowser &gt; should identify standard desktop Chrome browser" time="0.0037717">
        </testcase>
        <testcase classname="src/lib/__tests__/browser-detection.test.ts" name="browser-detection &gt; detectBrowser &gt; should detect Safe Exam Browser via User-Agent" time="0.0008836">
        </testcase>
        <testcase classname="src/lib/__tests__/browser-detection.test.ts" name="browser-detection &gt; detectBrowser &gt; should detect Safe Exam Browser via custom SEB headers" time="0.0006268">
        </testcase>
        <testcase classname="src/lib/__tests__/browser-detection.test.ts" name="browser-detection &gt; detectBrowser &gt; should detect Exambro Android client via User-Agent" time="0.0005533">
        </testcase>
        <testcase classname="src/lib/__tests__/browser-detection.test.ts" name="browser-detection &gt; detectBrowser &gt; should detect Exambro via custom headers" time="0.0005247">
        </testcase>
        <testcase classname="src/lib/__tests__/browser-detection.test.ts" name="browser-detection &gt; validateBrowserRequirements &gt; should allow any browser if no restrictions are set" time="0.0007204">
        </testcase>
        <testcase classname="src/lib/__tests__/browser-detection.test.ts" name="browser-detection &gt; validateBrowserRequirements &gt; should block standard browser when SEB is required" time="0.0004974">
        </testcase>
        <testcase classname="src/lib/__tests__/browser-detection.test.ts" name="browser-detection &gt; validateBrowserRequirements &gt; should permit SEB when SEB is required" time="0.0002757">
        </testcase>
        <testcase classname="src/lib/__tests__/browser-detection.test.ts" name="browser-detection &gt; validateBrowserRequirements &gt; should block standard browser when Exambro is required" time="0.0002936">
        </testcase>
        <testcase classname="src/lib/__tests__/browser-detection.test.ts" name="browser-detection &gt; validateBrowserRequirements &gt; should permit Exambro when Exambro is required" time="0.0002914">
        </testcase>
    </testsuite>
    <testsuite name="src/lib/__tests__/date-utils.test.ts" timestamp="2026-10-01T04:48:39.151Z" hostname="DESKTOP-V0JD0BU" tests="11" failures="0" errors="0" skipped="0" time="0.009969">
        <testcase classname="src/lib/__tests__/date-utils.test.ts" name="date-utils &gt; toDateTimeLocalString &gt; should convert UTC Date to datetime-local format in UTC+7" time="0.0034695">
        </testcase>
        <testcase classname="src/lib/__tests__/date-utils.test.ts" name="date-utils &gt; toDateTimeLocalString &gt; should handle string input" time="0.0003742">
        </testcase>
        <testcase classname="src/lib/__tests__/date-utils.test.ts" name="date-utils &gt; toDateTimeLocalString &gt; should handle afternoon time correctly" time="0.0002349">
        </testcase>
        <testcase classname="src/lib/__tests__/date-utils.test.ts" name="date-utils &gt; toDateTimeLocalString &gt; should handle day rollover" time="0.0002786">
        </testcase>
        <testcase classname="src/lib/__tests__/date-utils.test.ts" name="date-utils &gt; fromDateTimeLocalString &gt; should convert datetime-local string to UTC Date" time="0.0003749">
        </testcase>
        <testcase classname="src/lib/__tests__/date-utils.test.ts" name="date-utils &gt; fromDateTimeLocalString &gt; should handle afternoon time correctly" time="0.000233">
        </testcase>
        <testcase classname="src/lib/__tests__/date-utils.test.ts" name="date-utils &gt; fromDateTimeLocalString &gt; should handle early morning (day rollback to UTC)" time="0.0001822">
        </testcase>
        <testcase classname="src/lib/__tests__/date-utils.test.ts" name="date-utils &gt; formatDateJakarta &gt; should format Date for display in UTC+7" time="0.000267">
        </testcase>
        <testcase classname="src/lib/__tests__/date-utils.test.ts" name="date-utils &gt; formatDateJakarta &gt; should handle string input" time="0.0002449">
        </testcase>
        <testcase classname="src/lib/__tests__/date-utils.test.ts" name="date-utils &gt; formatDateJakarta &gt; should format afternoon time correctly" time="0.0003159">
        </testcase>
        <testcase classname="src/lib/__tests__/date-utils.test.ts" name="date-utils &gt; round-trip conversion &gt; should preserve time through conversion cycle" time="0.0003422">
        </testcase>
    </testsuite>
    <testsuite name="src/lib/__tests__/device.test.ts" timestamp="2026-10-01T04:48:39.153Z" hostname="DESKTOP-V0JD0BU" tests="4" failures="0" errors="0" skipped="0" time="0.0053512">
        <testcase classname="src/lib/__tests__/device.test.ts" name="device helper &gt; validateDeviceId &gt; should permit when no deviceId was stored yet (first connection)" time="0.001644">
        </testcase>
        <testcase classname="src/lib/__tests__/device.test.ts" name="device helper &gt; validateDeviceId &gt; should permit when stored deviceId matches current deviceId" time="0.0003996">
        </testcase>
        <testcase classname="src/lib/__tests__/device.test.ts" name="device helper &gt; validateDeviceId &gt; should block when current deviceId differs from stored deviceId" time="0.0006595">
        </testcase>
        <testcase classname="src/lib/__tests__/device.test.ts" name="device helper &gt; validateDeviceId &gt; should block when no current deviceId is provided but submission has stored deviceId" time="0.000275">
        </testcase>
    </testsuite>
    <testsuite name="src/lib/__tests__/error-messages.test.ts" timestamp="2026-10-01T04:48:39.154Z" hostname="DESKTOP-V0JD0BU" tests="15" failures="0" errors="0" skipped="0" time="0.0088693">
        <testcase classname="src/lib/__tests__/error-messages.test.ts" name="error-messages &gt; getErrorInfo &gt; should return info for known error code string" time="0.0027064">
        </testcase>
        <testcase classname="src/lib/__tests__/error-messages.test.ts" name="error-messages &gt; getErrorInfo &gt; should extract error code from bracketed message" time="0.0004236">
        </testcase>
        <testcase classname="src/lib/__tests__/error-messages.test.ts" name="error-messages &gt; getErrorInfo &gt; should handle Error object with bracketed message" time="0.000348">
        </testcase>
        <testcase classname="src/lib/__tests__/error-messages.test.ts" name="error-messages &gt; getErrorInfo &gt; should handle object with code property" time="0.0002931">
        </testcase>
        <testcase classname="src/lib/__tests__/error-messages.test.ts" name="error-messages &gt; getErrorInfo &gt; should handle object with error property" time="0.0002857">
        </testcase>
        <testcase classname="src/lib/__tests__/error-messages.test.ts" name="error-messages &gt; getErrorInfo &gt; should return UNKNOWN_ERROR for unrecognized strings" time="0.0002379">
        </testcase>
        <testcase classname="src/lib/__tests__/error-messages.test.ts" name="error-messages &gt; getErrorInfo &gt; should detect network errors from TypeError" time="0.0002184">
        </testcase>
        <testcase classname="src/lib/__tests__/error-messages.test.ts" name="error-messages &gt; getErrorInfo &gt; should return UNKNOWN_ERROR for null/undefined" time="0.0002631">
        </testcase>
        <testcase classname="src/lib/__tests__/error-messages.test.ts" name="error-messages &gt; getErrorInfo &gt; should include action for errors that have it" time="0.0004055">
        </testcase>
        <testcase classname="src/lib/__tests__/error-messages.test.ts" name="error-messages &gt; formatApiError &gt; should format response with known code" time="0.0003619">
        </testcase>
        <testcase classname="src/lib/__tests__/error-messages.test.ts" name="error-messages &gt; formatApiError &gt; should format response with known error" time="0.000179">
        </testcase>
        <testcase classname="src/lib/__tests__/error-messages.test.ts" name="error-messages &gt; formatApiError &gt; should use message for unknown errors" time="0.0001847">
        </testcase>
        <testcase classname="src/lib/__tests__/error-messages.test.ts" name="error-messages &gt; formatApiError &gt; should use error as fallback description" time="0.0001381">
        </testcase>
        <testcase classname="src/lib/__tests__/error-messages.test.ts" name="error-messages &gt; formatApiError &gt; should handle empty response" time="0.0001679">
        </testcase>
        <testcase classname="src/lib/__tests__/error-messages.test.ts" name="error-messages &gt; formatApiError &gt; should prioritize code over error" time="0.0001475">
        </testcase>
    </testsuite>
    <testsuite name="src/lib/__tests__/excel-export.test.ts" timestamp="2026-10-01T04:48:39.157Z" hostname="DESKTOP-V0JD0BU" tests="2" failures="0" errors="0" skipped="0" time="0.4506805">
        <testcase classname="src/lib/__tests__/excel-export.test.ts" name="excel-export &gt; module exports &gt; should export exportToExcel function" time="0.4462051">
        </testcase>
        <testcase classname="src/lib/__tests__/excel-export.test.ts" name="excel-export &gt; exportToExcel function &gt; should be callable with valid data structure" time="0.0017041">
        </testcase>
    </testsuite>
    <testsuite name="src/lib/__tests__/json-utils.test.ts" timestamp="2026-10-01T04:48:39.157Z" hostname="DESKTOP-V0JD0BU" tests="10" failures="0" errors="0" skipped="0" time="0.025878">
        <testcase classname="src/lib/__tests__/json-utils.test.ts" name="safeJsonParse &gt; should return fallback when input is null or undefined" time="0.0029089">
        </testcase>
        <testcase classname="src/lib/__tests__/json-utils.test.ts" name="safeJsonParse &gt; should return object or array directly if already parsed" time="0.0006383">
        </testcase>
        <testcase classname="src/lib/__tests__/json-utils.test.ts" name="safeJsonParse &gt; should parse standard valid JSON string" time="0.0003937">
        </testcase>
        <testcase classname="src/lib/__tests__/json-utils.test.ts" name="safeJsonParse &gt; should parse array JSON string" time="0.0002951">
        </testcase>
        <testcase classname="src/lib/__tests__/json-utils.test.ts" name="safeJsonParse &gt; should handle double-encoded JSON strings" time="0.0004345">
        </testcase>
        <testcase classname="src/lib/__tests__/json-utils.test.ts" name="safeJsonParse &gt; should handle double-encoded JSON array strings" time="0.0002849">
        </testcase>
        <testcase classname="src/lib/__tests__/json-utils.test.ts" name="safeJsonParse &gt; should return fallback on malformed JSON string" time="0.0003989">
        </testcase>
        <testcase classname="src/lib/__tests__/json-utils.test.ts" name="safeJsonParse &gt; should return fallback on non-string primitives" time="0.0001974">
        </testcase>
        <testcase classname="src/lib/__tests__/json-utils.test.ts" name="safeJsonStringify &gt; should stringify valid objects" time="0.0003729">
        </testcase>
        <testcase classname="src/lib/__tests__/json-utils.test.ts" name="safeJsonStringify &gt; should return fallback on circular structures" time="0.0172882">
        </testcase>
    </testsuite>
    <testsuite name="src/lib/__tests__/lockdown.test.ts" timestamp="2026-10-01T04:48:39.159Z" hostname="DESKTOP-V0JD0BU" tests="6" failures="0" errors="0" skipped="0" time="0.2030242">
        <testcase classname="src/lib/__tests__/lockdown.test.ts" name="lockdown &gt; ViolationType &gt; should define valid violation types" time="0.0029691">
        </testcase>
        <testcase classname="src/lib/__tests__/lockdown.test.ts" name="lockdown &gt; module exports &gt; should export useTabSwitchDetector" time="0.1956969">
        </testcase>
        <testcase classname="src/lib/__tests__/lockdown.test.ts" name="lockdown &gt; module exports &gt; should export useAntiCopyPaste" time="0.0004176">
        </testcase>
        <testcase classname="src/lib/__tests__/lockdown.test.ts" name="lockdown &gt; module exports &gt; should export useScreenshotDetector" time="0.0004086">
        </testcase>
        <testcase classname="src/lib/__tests__/lockdown.test.ts" name="lockdown &gt; module exports &gt; should export useWatermark" time="0.0004912">
        </testcase>
        <testcase classname="src/lib/__tests__/lockdown.test.ts" name="lockdown &gt; module exports &gt; should export useLockdownMode" time="0.0003209">
        </testcase>
    </testsuite>
    <testsuite name="src/lib/__tests__/logger.test.ts" timestamp="2026-10-01T04:48:39.160Z" hostname="DESKTOP-V0JD0BU" tests="8" failures="0" errors="0" skipped="0" time="0.013941">
        <testcase classname="src/lib/__tests__/logger.test.ts" name="logger &gt; logger instance &gt; should export a logger instance" time="0.002669">
        </testcase>
        <testcase classname="src/lib/__tests__/logger.test.ts" name="logger &gt; logger instance &gt; should have standard log methods" time="0.0008974">
        </testcase>
        <testcase classname="src/lib/__tests__/logger.test.ts" name="logger &gt; createLogger &gt; should create a child logger with context" time="0.0006011">
        </testcase>
        <testcase classname="src/lib/__tests__/logger.test.ts" name="logger &gt; convenience functions &gt; logInfo should call logger.info" time="0.0006455">
        </testcase>
        <testcase classname="src/lib/__tests__/logger.test.ts" name="logger &gt; convenience functions &gt; logWarn should call logger.warn" time="0.0003954">
        </testcase>
        <testcase classname="src/lib/__tests__/logger.test.ts" name="logger &gt; convenience functions &gt; logDebug should call logger.debug" time="0.0002746">
        </testcase>
        <testcase classname="src/lib/__tests__/logger.test.ts" name="logger &gt; convenience functions &gt; logError should handle Error objects" time="0.0050327">
        </testcase>
        <testcase classname="src/lib/__tests__/logger.test.ts" name="logger &gt; convenience functions &gt; logError should handle non-Error objects" time="0.0003277">
        </testcase>
    </testsuite>
    <testsuite name="src/lib/__tests__/offline-sync.test.ts" timestamp="2026-10-01T04:48:39.162Z" hostname="DESKTOP-V0JD0BU" tests="5" failures="0" errors="0" skipped="0" time="0.0157177">
        <testcase classname="src/lib/__tests__/offline-sync.test.ts" name="offline-sync utility &gt; should save and retrieve pending answers from local queue" time="0.0046732">
        </testcase>
        <testcase classname="src/lib/__tests__/offline-sync.test.ts" name="offline-sync utility &gt; should remove individual answer from queue after sync" time="0.000764">
        </testcase>
        <testcase classname="src/lib/__tests__/offline-sync.test.ts" name="offline-sync utility &gt; should clear all answers for a session" time="0.0006259">
        </testcase>
        <testcase classname="src/lib/__tests__/offline-sync.test.ts" name="offline-sync utility &gt; should sync pending answers to server" time="0.001883">
        </testcase>
        <testcase classname="src/lib/__tests__/offline-sync.test.ts" name="offline-sync utility &gt; should subscribe and unsubscribe from network status events" time="0.0052121">
        </testcase>
    </testsuite>
    <testsuite name="src/lib/__tests__/proctoring-events.test.ts" timestamp="2026-10-01T04:48:39.162Z" hostname="DESKTOP-V0JD0BU" tests="3" failures="0" errors="0" skipped="0" time="0.0111962">
        <testcase classname="src/lib/__tests__/proctoring-events.test.ts" name="proctoring-events bus &gt; should allow subscribing to session events and receiving publications" time="0.0061115">
        </testcase>
        <testcase classname="src/lib/__tests__/proctoring-events.test.ts" name="proctoring-events bus &gt; should not deliver events after unsubscribing" time="0.0018555">
        </testcase>
        <testcase classname="src/lib/__tests__/proctoring-events.test.ts" name="proctoring-events bus &gt; should support proctor actions publication" time="0.0006178">
        </testcase>
    </testsuite>
    <testsuite name="src/lib/__tests__/randomization.test.ts" timestamp="2026-10-01T04:48:39.163Z" hostname="DESKTOP-V0JD0BU" tests="21" failures="0" errors="0" skipped="0" time="0.0217491">
        <testcase classname="src/lib/__tests__/randomization.test.ts" name="randomization &gt; shuffleArray &gt; should return array with same length" time="0.0031083">
        </testcase>
        <testcase classname="src/lib/__tests__/randomization.test.ts" name="randomization &gt; shuffleArray &gt; should contain all original elements" time="0.0012148">
        </testcase>
        <testcase classname="src/lib/__tests__/randomization.test.ts" name="randomization &gt; shuffleArray &gt; should not mutate original array" time="0.0003294">
        </testcase>
        <testcase classname="src/lib/__tests__/randomization.test.ts" name="randomization &gt; shuffleArray &gt; should handle empty array" time="0.0002777">
        </testcase>
        <testcase classname="src/lib/__tests__/randomization.test.ts" name="randomization &gt; shuffleArray &gt; should handle single element" time="0.0002865">
        </testcase>
        <testcase classname="src/lib/__tests__/randomization.test.ts" name="randomization &gt; shuffleArray &gt; should eventually produce different order (randomness test)" time="0.0004412">
        </testcase>
        <testcase classname="src/lib/__tests__/randomization.test.ts" name="randomization &gt; applyQuestionRandomization &gt; should return original order when no rules" time="0.0004097">
        </testcase>
        <testcase classname="src/lib/__tests__/randomization.test.ts" name="randomization &gt; applyQuestionRandomization &gt; should return original order when mode is missing" time="0.000265">
        </testcase>
        <testcase classname="src/lib/__tests__/randomization.test.ts" name="randomization &gt; applyQuestionRandomization &gt; should shuffle all questions in &quot;all&quot; mode" time="0.0005503">
        </testcase>
        <testcase classname="src/lib/__tests__/randomization.test.ts" name="randomization &gt; applyQuestionRandomization &gt; should only shuffle specified types in &quot;by_type&quot; mode" time="0.0035945">
        </testcase>
        <testcase classname="src/lib/__tests__/randomization.test.ts" name="randomization &gt; applyQuestionRandomization &gt; should shuffle all except specified types in &quot;exclude_type&quot; mode" time="0.0010535">
        </testcase>
        <testcase classname="src/lib/__tests__/randomization.test.ts" name="randomization &gt; applyQuestionRandomization &gt; should only shuffle specific positions in &quot;specific_numbers&quot; mode" time="0.0024924">
        </testcase>
        <testcase classname="src/lib/__tests__/randomization.test.ts" name="randomization &gt; shuffleByCondition &gt; should only shuffle items matching condition" time="0.0019773">
        </testcase>
        <testcase classname="src/lib/__tests__/randomization.test.ts" name="randomization &gt; shuffleByCondition &gt; should keep all in place when none match condition" time="0.0003554">
        </testcase>
        <testcase classname="src/lib/__tests__/randomization.test.ts" name="randomization &gt; shuffleByCondition &gt; should shuffle all when all match condition" time="0.0003469">
        </testcase>
        <testcase classname="src/lib/__tests__/randomization.test.ts" name="randomization &gt; shouldShuffleAnswers &gt; should return false when shuffleAnswers is false" time="0.0002305">
        </testcase>
        <testcase classname="src/lib/__tests__/randomization.test.ts" name="randomization &gt; shouldShuffleAnswers &gt; should return true for shuffleable types when enabled" time="0.0002295">
        </testcase>
        <testcase classname="src/lib/__tests__/randomization.test.ts" name="randomization &gt; shouldShuffleAnswers &gt; should return false for non-shuffleable types" time="0.000157">
        </testcase>
        <testcase classname="src/lib/__tests__/randomization.test.ts" name="randomization &gt; seededShuffle &gt; should be 100% deterministic with same seed" time="0.0006444">
        </testcase>
        <testcase classname="src/lib/__tests__/randomization.test.ts" name="randomization &gt; seededShuffle &gt; should produce different order with different seeds" time="0.0003065">
        </testcase>
        <testcase classname="src/lib/__tests__/randomization.test.ts" name="randomization &gt; seededShuffle &gt; should accurately map shuffled elements back to original indices" time="0.0002533">
        </testcase>
    </testsuite>
    <testsuite name="src/lib/__tests__/rate-limit.test.ts" timestamp="2026-10-01T04:48:39.166Z" hostname="DESKTOP-V0JD0BU" tests="5" failures="0" errors="0" skipped="0" time="0.0131075">
        <testcase classname="src/lib/__tests__/rate-limit.test.ts" name="RateLimiter &gt; should allow requests within limit" time="0.003928">
        </testcase>
        <testcase classname="src/lib/__tests__/rate-limit.test.ts" name="RateLimiter &gt; should throw when rate limit exceeded" time="0.0020392">
        </testcase>
        <testcase classname="src/lib/__tests__/rate-limit.test.ts" name="RateLimiter &gt; should track different tokens separately" time="0.0008345">
        </testcase>
        <testcase classname="src/lib/__tests__/rate-limit.test.ts" name="RateLimiter &gt; should reset count after interval" time="0.0033865">
        </testcase>
        <testcase classname="src/lib/__tests__/rate-limit.test.ts" name="RateLimiter &gt; should handle limit of 1" time="0.0006601">
        </testcase>
    </testsuite>
    <testsuite name="src/lib/__tests__/session.test.ts" timestamp="2026-10-01T04:48:39.167Z" hostname="DESKTOP-V0JD0BU" tests="5" failures="0" errors="0" skipped="0" time="0.0250828">
        <testcase classname="src/lib/__tests__/session.test.ts" name="Session Module (HMAC-SHA256 Signed Cookies) &gt; should correctly sign and verify a valid session" time="0.0183375">
        </testcase>
        <testcase classname="src/lib/__tests__/session.test.ts" name="Session Module (HMAC-SHA256 Signed Cookies) &gt; should reject tampered session payload (e.g. privilege escalation attempt)" time="0.0014099">
        </testcase>
        <testcase classname="src/lib/__tests__/session.test.ts" name="Session Module (HMAC-SHA256 Signed Cookies) &gt; should reject tampered signature" time="0.0011967">
        </testcase>
        <testcase classname="src/lib/__tests__/session.test.ts" name="Session Module (HMAC-SHA256 Signed Cookies) &gt; should reject expired session token" time="0.001127">
        </testcase>
        <testcase classname="src/lib/__tests__/session.test.ts" name="Session Module (HMAC-SHA256 Signed Cookies) &gt; should reject malformed or empty token" time="0.000494">
        </testcase>
    </testsuite>
    <testsuite name="src/lib/__tests__/use-exam-security.test.ts" timestamp="2026-10-01T04:48:39.168Z" hostname="DESKTOP-V0JD0BU" tests="4" failures="0" errors="0" skipped="0" time="0.0373365">
        <testcase classname="src/lib/__tests__/use-exam-security.test.ts" name="useExamSecurity &gt; should trigger TAB_SWITCH violation when document becomes hidden" time="0.0239367">
        </testcase>
        <testcase classname="src/lib/__tests__/use-exam-security.test.ts" name="useExamSecurity &gt; should NOT trigger false-positive SCREENSHOT violation when document becomes visible again" time="0.0031664">
        </testcase>
        <testcase classname="src/lib/__tests__/use-exam-security.test.ts" name="useExamSecurity &gt; should enforce cooldown debounce and skip rapid repeat violations" time="0.0043773">
            <system-out>
[Security] Skipped KEYBOARD_SHORTCUT - within per-type cooldown period

            </system-out>
        </testcase>
        <testcase classname="src/lib/__tests__/use-exam-security.test.ts" name="useExamSecurity &gt; should detect legitimate PrintScreen shortcuts" time="0.0032477">
        </testcase>
    </testsuite>
    <testsuite name="src/lib/__tests__/utils.test.ts" timestamp="2026-10-01T04:48:39.168Z" hostname="DESKTOP-V0JD0BU" tests="9" failures="0" errors="0" skipped="0" time="0.0185715">
        <testcase classname="src/lib/__tests__/utils.test.ts" name="utils &gt; cn function &gt; should merge class names" time="0.0127864">
        </testcase>
        <testcase classname="src/lib/__tests__/utils.test.ts" name="utils &gt; cn function &gt; should handle conditional classes" time="0.0003713">
        </testcase>
        <testcase classname="src/lib/__tests__/utils.test.ts" name="utils &gt; cn function &gt; should merge tailwind classes correctly" time="0.0007884">
        </testcase>
        <testcase classname="src/lib/__tests__/utils.test.ts" name="utils &gt; cn function &gt; should handle object notation" time="0.0003044">
        </testcase>
        <testcase classname="src/lib/__tests__/utils.test.ts" name="utils &gt; cn function &gt; should handle array of classes" time="0.0002732">
        </testcase>
        <testcase classname="src/lib/__tests__/utils.test.ts" name="utils &gt; cn function &gt; should handle undefined and null" time="0.0002171">
        </testcase>
        <testcase classname="src/lib/__tests__/utils.test.ts" name="utils &gt; cn function &gt; should return empty string for no arguments" time="0.0001951">
        </testcase>
        <testcase classname="src/lib/__tests__/utils.test.ts" name="utils &gt; cn function &gt; should handle mixed tailwind utilities" time="0.0006002">
        </testcase>
        <testcase classname="src/lib/__tests__/utils.test.ts" name="utils &gt; cn function &gt; should preserve non-conflicting classes" time="0.0004292">
        </testcase>
    </testsuite>
    <testsuite name="src/app/api/__tests__/activities.test.ts" timestamp="2026-10-01T04:48:39.170Z" hostname="DESKTOP-V0JD0BU" tests="2" failures="0" errors="0" skipped="0" time="0.0140391">
        <testcase classname="src/app/api/__tests__/activities.test.ts" name="GET /api/admin/activities &gt; should reject unauthorized requests" time="0.0070878">
            <system-err>
Error fetching activities: { message: [32m&apos;Unauthorized&apos;[39m, status: [33m401[39m }

            </system-err>
        </testcase>
        <testcase classname="src/app/api/__tests__/activities.test.ts" name="GET /api/admin/activities &gt; should return formatted activity logs for admin" time="0.0052398">
        </testcase>
    </testsuite>
    <testsuite name="src/app/api/__tests__/analytics.test.ts" timestamp="2026-10-01T04:48:39.170Z" hostname="DESKTOP-V0JD0BU" tests="2" failures="0" errors="0" skipped="0" time="0.0099101">
        <testcase classname="src/app/api/__tests__/analytics.test.ts" name="GET /api/admin/analytics &gt; should reject unauthenticated request" time="0.0056446">
            <system-err>
Error fetching analytics: { message: [32m&apos;Unauthorized&apos;[39m, status: [33m401[39m }

            </system-err>
        </testcase>
        <testcase classname="src/app/api/__tests__/analytics.test.ts" name="GET /api/admin/analytics &gt; should return formatted analytics when authenticated" time="0.0028271">
        </testcase>
    </testsuite>
    <testsuite name="src/app/api/__tests__/auth-session.test.ts" timestamp="2026-10-01T04:48:39.171Z" hostname="DESKTOP-V0JD0BU" tests="2" failures="0" errors="0" skipped="0" time="0.0122283">
        <testcase classname="src/app/api/__tests__/auth-session.test.ts" name="GET /api/auth/session &gt; should return 401 when not authenticated" time="0.0078445">
        </testcase>
        <testcase classname="src/app/api/__tests__/auth-session.test.ts" name="GET /api/auth/session &gt; should return user session with 200 when authenticated" time="0.0022728">
        </testcase>
    </testsuite>
    <testsuite name="src/app/api/__tests__/backup.test.ts" timestamp="2026-10-01T04:48:39.172Z" hostname="DESKTOP-V0JD0BU" tests="2" failures="0" errors="0" skipped="0" time="0.0107985">
        <testcase classname="src/app/api/__tests__/backup.test.ts" name="GET /api/admin/backup &gt; should reject non-admin users" time="0.0059793">
            <system-err>
Backup error: { message: [32m&apos;Unauthorized&apos;[39m, status: [33m403[39m }

            </system-err>
        </testcase>
        <testcase classname="src/app/api/__tests__/backup.test.ts" name="GET /api/admin/backup &gt; should export database backup JSON with attachment header" time="0.0032915">
        </testcase>
    </testsuite>
    <testsuite name="src/app/api/__tests__/bulk-export.test.ts" timestamp="2026-10-01T04:48:39.172Z" hostname="DESKTOP-V0JD0BU" tests="2" failures="0" errors="0" skipped="0" time="0.0309141">
        <testcase classname="src/app/api/__tests__/bulk-export.test.ts" name="GET /api/users/bulk-export &gt; should reject non-admin requests" time="0.0115415">
            <system-err>
Error exporting users: { message: [32m&apos;Unauthorized&apos;[39m, status: [33m403[39m }

            </system-err>
        </testcase>
        <testcase classname="src/app/api/__tests__/bulk-export.test.ts" name="GET /api/users/bulk-export &gt; should export Excel template when type is template" time="0.0170299">
        </testcase>
    </testsuite>
    <testsuite name="src/app/api/__tests__/notifications.test.ts" timestamp="2026-10-01T04:48:39.173Z" hostname="DESKTOP-V0JD0BU" tests="2" failures="0" errors="0" skipped="0" time="0.0085176">
        <testcase classname="src/app/api/__tests__/notifications.test.ts" name="GET /api/notifications &gt; should return empty notifications if not authenticated" time="0.0048066">
        </testcase>
        <testcase classname="src/app/api/__tests__/notifications.test.ts" name="GET /api/notifications &gt; should return student notifications when logged in as student" time="0.0022713">
        </testcase>
    </testsuite>
    <testsuite name="src/app/api/__tests__/question-banks.test.ts" timestamp="2026-10-01T04:48:39.174Z" hostname="DESKTOP-V0JD0BU" tests="1" failures="0" errors="0" skipped="0" time="0.0077002">
        <testcase classname="src/app/api/__tests__/question-banks.test.ts" name="GET /api/question-banks/[id] &gt; should return question bank details with true_false in statistics" time="0.0063832">
        </testcase>
    </testsuite>
    <testsuite name="src/app/api/__tests__/upload.test.ts" timestamp="2026-10-01T04:48:39.174Z" hostname="DESKTOP-V0JD0BU" tests="3" failures="0" errors="0" skipped="0" time="0.0214994">
        <testcase classname="src/app/api/__tests__/upload.test.ts" name="POST /api/upload &gt; should reject unauthorized requests" time="0.0124747">
            <system-err>
Upload error: {
  message: [32m&apos;Unauthorized - Silakan login terlebih dahulu&apos;[39m,
  status: [33m401[39m
}

            </system-err>
        </testcase>
        <testcase classname="src/app/api/__tests__/upload.test.ts" name="POST /api/upload &gt; should reject missing file in formData" time="0.0036286">
        </testcase>
        <testcase classname="src/app/api/__tests__/upload.test.ts" name="POST /api/upload &gt; should reject disallowed file types" time="0.0029577">
        </testcase>
    </testsuite>
    <testsuite name="src/components/ui/__tests__/button.test.tsx" timestamp="2026-10-01T04:48:39.175Z" hostname="DESKTOP-V0JD0BU" tests="4" failures="0" errors="0" skipped="0" time="0.0859427">
        <testcase classname="src/components/ui/__tests__/button.test.tsx" name="Button Component &gt; renders button with text" time="0.0583678">
        </testcase>
        <testcase classname="src/components/ui/__tests__/button.test.tsx" name="Button Component &gt; handles click events" time="0.012286">
        </testcase>
        <testcase classname="src/components/ui/__tests__/button.test.tsx" name="Button Component &gt; renders destructive variant" time="0.0068028">
        </testcase>
        <testcase classname="src/components/ui/__tests__/button.test.tsx" name="Button Component &gt; can be disabled" time="0.0056981">
        </testcase>
    </testsuite>
</testsuites>
